** Drc report for posture_tracker_v2.kicad_pcb **
** Created on 2026-05-03T20:45:08 **
** Report includes: Errors, Exclusions **

** Found 0 DRC violations **

** Found 119 unconnected pads **
[unconnected_items]: Missing connection between items
    Local override; error
    @(168.5950 mm, 106.7750 mm): Pad A1 [GND] of J1 on F.Cu
    @(167.6800 mm, 105.7050 mm): PTH pad SH [GND] of J1
[unconnected_items]: Missing connection between items
    Local override; error
    @(168.5950 mm, 113.2750 mm): Pad A12 [GND] of J1 on F.Cu
    @(167.6800 mm, 114.3450 mm): PTH pad SH [GND] of J1
[unconnected_items]: Missing connection between items
    Local override; error
    @(168.5950 mm, 113.2750 mm): Pad A12 [GND] of J1 on F.Cu
    @(170.9000 mm, 113.0250 mm): Pad 2 [GND] of R5 on F.Cu
[unconnected_items]: Missing connection between items
    Local override; error
    @(169.0000 mm, 118.9500 mm): Pad 2 [GND] of C7 on F.Cu
    @(171.5000 mm, 119.0000 mm): Pad 2 [GND] of C6 on F.Cu
[unconnected_items]: Missing connection between items
    Local override; error
    @(169.0000 mm, 118.9500 mm): Pad 2 [GND] of C7 on F.Cu
    @(167.6800 mm, 114.3450 mm): PTH pad SH [GND] of J1
[unconnected_items]: Missing connection between items
    Local override; error
    @(170.9000 mm, 107.0250 mm): Pad 2 [GND] of R4 on F.Cu
    @(168.5950 mm, 106.7750 mm): Pad A1 [GND] of J1 on F.Cu
[unconnected_items]: Missing connection between items
    Local override; error
    @(170.9000 mm, 107.0250 mm): Pad 2 [GND] of R4 on F.Cu
    @(175.0000 mm, 107.8250 mm): Pad 2 [GND] of U7 on F.Cu
[unconnected_items]: Missing connection between items
    Local override; error
    @(175.0000 mm, 107.8250 mm): Pad 2 [GND] of U7 on F.Cu
    @(174.9000 mm, 111.3750 mm): Pad 2 [GND] of U6 on F.Cu
[unconnected_items]: Missing connection between items
    Local override; error
    @(175.0000 mm, 107.8250 mm): Pad 2 [GND] of U7 on F.Cu
    @(178.0000 mm, 105.5000 mm): Pad 1 [GND] of C17 on F.Cu
[unconnected_items]: Missing connection between items
    Local override; error
    @(175.0000 mm, 123.0000 mm): Pad 2 [GND] of C14 on F.Cu
    @(177.0000 mm, 119.3500 mm): Pad 1 [GND] of C13 on F.Cu
[unconnected_items]: Missing connection between items
    Local override; error
    @(176.9050 mm, 113.5100 mm): Pad 2 [GND] of C10 on F.Cu
    @(177.0000 mm, 111.3850 mm): Pad 1 [GND] of R10 on F.Cu
[unconnected_items]: Missing connection between items
    Local override; error
    @(176.9800 mm, 116.7850 mm): Pad 2 [GND] of C10 on F.Cu
    @(177.0000 mm, 114.5100 mm): Pad 1 [GND] of R10 on F.Cu
[unconnected_items]: Missing connection between items
    Local override; error
    @(177.0000 mm, 111.3850 mm): Pad 1 [GND] of R10 on F.Cu
    @(174.9000 mm, 111.3750 mm): Pad 2 [GND] of U6 on F.Cu
[unconnected_items]: Missing connection between items
    Local override; error
    @(177.0000 mm, 114.5100 mm): Pad 1 [GND] of R10 on F.Cu
    @(176.9050 mm, 113.5100 mm): Pad 2 [GND] of C10 on F.Cu
[unconnected_items]: Missing connection between items
    Local override; error
    @(177.0000 mm, 114.5100 mm): Pad 1 [GND] of R10 on F.Cu
    @(180.3000 mm, 114.6750 mm): Pad 9 [GND] of U2 on F.Cu
[unconnected_items]: Missing connection between items
    Local override; error
    @(177.0000 mm, 119.3500 mm): Pad 1 [GND] of C13 on F.Cu
    @(176.9800 mm, 116.7850 mm): Pad 2 [GND] of C10 on F.Cu
[unconnected_items]: Missing connection between items
    Local override; error
    @(178.0000 mm, 105.5000 mm): Pad 1 [GND] of C17 on F.Cu
    @(180.5000 mm, 107.5000 mm): Pad 1 [GND] of C15 on F.Cu
[unconnected_items]: Missing connection between items
    Local override; error
    @(180.3000 mm, 114.6750 mm): Pad 9 [GND] of U2 on F.Cu
    @(183.5000 mm, 116.8750 mm): Pad 18 [GND] of U2 on F.Cu
[unconnected_items]: Missing connection between items
    Local override; error
    @(180.5000 mm, 107.5000 mm): Pad 1 [GND] of C15 on F.Cu
    @(182.7250 mm, 110.0500 mm): Pad 2 [GND] of U5 on F.Cu
[unconnected_items]: Missing connection between items
    Local override; error
    @(183.5000 mm, 116.8750 mm): Pad 18 [GND] of U2 on F.Cu
    @(181.0000 mm, 119.3100 mm): Pad 2 [GND] of C2 on F.Cu
[unconnected_items]: Missing connection between items
    Local override; error
    @(184.5000 mm, 118.8500 mm): Pad 4 [GND] of U3 on F.Cu
    @(183.5000 mm, 116.8750 mm): Pad 18 [GND] of U2 on F.Cu
[unconnected_items]: Missing connection between items
    Local override; error
    @(184.5000 mm, 118.8500 mm): Pad 4 [GND] of U3 on F.Cu
    @(188.0000 mm, 117.9500 mm): Pad 63 [GND] of U1 on F.Cu
[unconnected_items]: Missing connection between items
    Local override; error
    @(185.4000 mm, 106.5250 mm): Pad 2 [GND] of C1 on F.Cu
    @(188.0000 mm, 105.8500 mm): Pad 2 [GND] of U1 on F.Cu
[unconnected_items]: Missing connection between items
    Local override; error
    @(186.5000 mm, 110.5200 mm): Pad 2 [GND] of R3 on F.Cu
    @(182.7250 mm, 110.0500 mm): Pad 2 [GND] of U5 on F.Cu
[unconnected_items]: Missing connection between items
    Local override; error
    @(186.5000 mm, 110.5200 mm): Pad 2 [GND] of R3 on F.Cu
    @(185.4000 mm, 106.5250 mm): Pad 2 [GND] of C1 on F.Cu
[unconnected_items]: Missing connection between items
    Local override; error
    @(187.5000 mm, 121.0000 mm): Pad 2 [GND] of C12 on F.Cu
    @(187.5000 mm, 122.5400 mm): Pad 2 [GND] of C3 on F.Cu
[unconnected_items]: Missing connection between items
    Local override; error
    @(187.5000 mm, 121.0000 mm): Pad 2 [GND] of C12 on F.Cu
    @(188.0000 mm, 117.9500 mm): Pad 63 [GND] of U1 on F.Cu
[unconnected_items]: Missing connection between items
    Local override; error
    @(187.5000 mm, 122.5400 mm): Pad 2 [GND] of C3 on F.Cu
    @(185.0000 mm, 123.1500 mm): Pad 8 [GND] of U3 on F.Cu
[unconnected_items]: Missing connection between items
    Local override; error
    @(188.0000 mm, 105.0000 mm): Pad 1 [GND] of U1 on F.Cu
    @(188.0000 mm, 103.9500 mm): Pad 62 [GND] of U1 on F.Cu
[unconnected_items]: Missing connection between items
    Local override; error
    @(188.0000 mm, 105.8500 mm): Pad 2 [GND] of U1 on F.Cu
    @(188.0000 mm, 105.0000 mm): Pad 1 [GND] of U1 on F.Cu
[unconnected_items]: Missing connection between items
    Local override; error
    @(189.0500 mm, 103.9500 mm): Pad 60 [GND] of U1 on F.Cu
    @(188.0000 mm, 103.9500 mm): Pad 62 [GND] of U1 on F.Cu
[unconnected_items]: Missing connection between items
    Local override; error
    @(189.9000 mm, 103.9500 mm): Pad 59 [GND] of U1 on F.Cu
    @(189.0500 mm, 103.9500 mm): Pad 60 [GND] of U1 on F.Cu
[unconnected_items]: Missing connection between items
    Local override; error
    @(190.7500 mm, 103.9500 mm): Pad 58 [GND] of U1 on F.Cu
    @(189.9000 mm, 103.9500 mm): Pad 59 [GND] of U1 on F.Cu
[unconnected_items]: Missing connection between items
    Local override; error
    @(191.6000 mm, 103.9500 mm): Pad 57 [GND] of U1 on F.Cu
    @(190.7500 mm, 103.9500 mm): Pad 58 [GND] of U1 on F.Cu
[unconnected_items]: Missing connection between items
    Local override; error
    @(191.9775 mm, 123.9400 mm): Pad 2 [GND] of C4 on F.Cu
    @(187.5000 mm, 122.5400 mm): Pad 2 [GND] of C3 on F.Cu
[unconnected_items]: Missing connection between items
    Local override; error
    @(192.4375 mm, 120.4900 mm): Pad 2 [GND] of C5 on F.Cu
    @(191.9775 mm, 123.9400 mm): Pad 2 [GND] of C4 on F.Cu
[unconnected_items]: Missing connection between items
    Local override; error
    @(192.4500 mm, 103.9500 mm): Pad 56 [GND] of U1 on F.Cu
    @(191.6000 mm, 103.9500 mm): Pad 57 [GND] of U1 on F.Cu
[unconnected_items]: Missing connection between items
    Local override; error
    @(193.3000 mm, 103.9500 mm): Pad 55 [GND] of U1 on F.Cu
    @(192.4500 mm, 103.9500 mm): Pad 56 [GND] of U1 on F.Cu
[unconnected_items]: Missing connection between items
    Local override; error
    @(193.3500 mm, 109.3000 mm): Pad 61 [GND] of U1 on F.Cu
    @(193.3500 mm, 110.9500 mm): Pad 61 [GND] of U1 on F.Cu
[unconnected_items]: Missing connection between items
    Local override; error
    @(193.3500 mm, 112.6000 mm): Pad 61 [GND] of U1 on F.Cu
    @(193.3500 mm, 110.9500 mm): Pad 61 [GND] of U1 on F.Cu
[unconnected_items]: Missing connection between items
    Local override; error
    @(194.1500 mm, 103.9500 mm): Pad 54 [GND] of U1 on F.Cu
    @(193.3000 mm, 103.9500 mm): Pad 55 [GND] of U1 on F.Cu
[unconnected_items]: Missing connection between items
    Local override; error
    @(195.0000 mm, 103.9500 mm): Pad 53 [GND] of U1 on F.Cu
    @(194.1500 mm, 103.9500 mm): Pad 54 [GND] of U1 on F.Cu
[unconnected_items]: Missing connection between items
    Local override; error
    @(195.0000 mm, 109.3000 mm): Pad 61 [GND] of U1 on F.Cu
    @(196.6500 mm, 109.3000 mm): Pad 61 [GND] of U1 on F.Cu
[unconnected_items]: Missing connection between items
    Local override; error
    @(195.0000 mm, 109.3000 mm): Pad 61 [GND] of U1 on F.Cu
    @(193.3500 mm, 109.3000 mm): Pad 61 [GND] of U1 on F.Cu
[unconnected_items]: Missing connection between items
    Local override; error
    @(195.0000 mm, 109.3000 mm): Pad 61 [GND] of U1 on F.Cu
    @(195.0000 mm, 103.9500 mm): Pad 53 [GND] of U1 on F.Cu
[unconnected_items]: Missing connection between items
    Local override; error
    @(195.0000 mm, 110.9500 mm): Pad 61 [GND] of U1 on F.Cu
    @(193.3500 mm, 110.9500 mm): Pad 61 [GND] of U1 on F.Cu
[unconnected_items]: Missing connection between items
    Local override; error
    @(195.0000 mm, 112.6000 mm): Pad 61 [GND] of U1 on F.Cu
    @(196.6500 mm, 112.6000 mm): Pad 61 [GND] of U1 on F.Cu
[unconnected_items]: Missing connection between items
    Local override; error
    @(195.0000 mm, 112.6000 mm): Pad 61 [GND] of U1 on F.Cu
    @(193.3500 mm, 112.6000 mm): Pad 61 [GND] of U1 on F.Cu
[unconnected_items]: Missing connection between items
    Local override; error
    @(195.7500 mm, 120.2525 mm): Pad 3 [GND] of U4 on F.Cu
    @(192.4375 mm, 120.4900 mm): Pad 2 [GND] of C5 on F.Cu
[unconnected_items]: Missing connection between items
    Local override; error
    @(195.8500 mm, 103.9500 mm): Pad 52 [GND] of U1 on F.Cu
    @(195.0000 mm, 103.9500 mm): Pad 53 [GND] of U1 on F.Cu
[unconnected_items]: Missing connection between items
    Local override; error
    @(196.0000 mm, 121.6900 mm): Pad 17 [GND] of U4 on F.Cu
    @(195.7500 mm, 120.2525 mm): Pad 3 [GND] of U4 on F.Cu
[unconnected_items]: Missing connection between items
    Local override; error
    @(196.0000 mm, 121.6900 mm): Pad 17 [GND] of U4 on F.Cu
    @(197.4375 mm, 121.4400 mm): Pad 15 [GND] of U4 on F.Cu
[unconnected_items]: Missing connection between items
    Local override; error
    @(196.0000 mm, 121.6900 mm): Pad 17 [GND] of U4 on F.Cu
    @(196.2500 mm, 123.1275 mm): Pad 11 [GND] of U4 on F.Cu
[unconnected_items]: Missing connection between items
    Local override; error
    @(196.2500 mm, 123.1275 mm): Pad 11 [GND] of U4 on F.Cu
    @(200.0000 mm, 125.5000 mm): Pad 1 [GND] of C16 on F.Cu
[unconnected_items]: Missing connection between items
    Local override; error
    @(196.6500 mm, 112.6000 mm): Pad 61 [GND] of U1 on F.Cu
    @(196.6500 mm, 110.9500 mm): Pad 61 [GND] of U1 on F.Cu
[unconnected_items]: Missing connection between items
    Local override; error
    @(196.7000 mm, 103.9500 mm): Pad 51 [GND] of U1 on F.Cu
    @(195.8500 mm, 103.9500 mm): Pad 52 [GND] of U1 on F.Cu
[unconnected_items]: Missing connection between items
    Local override; error
    @(197.4375 mm, 121.4400 mm): Pad 15 [GND] of U4 on F.Cu
    @(202.0000 mm, 117.9500 mm): Pad 64 [GND] of U1 on F.Cu
[unconnected_items]: Missing connection between items
    Local override; error
    @(197.5500 mm, 103.9500 mm): Pad 50 [GND] of U1 on F.Cu
    @(196.7000 mm, 103.9500 mm): Pad 51 [GND] of U1 on F.Cu
[unconnected_items]: Missing connection between items
    Local override; error
    @(198.4000 mm, 103.9500 mm): Pad 49 [GND] of U1 on F.Cu
    @(197.5500 mm, 103.9500 mm): Pad 50 [GND] of U1 on F.Cu
[unconnected_items]: Missing connection between items
    Local override; error
    @(199.2500 mm, 103.9500 mm): Pad 48 [GND] of U1 on F.Cu
    @(198.4000 mm, 103.9500 mm): Pad 49 [GND] of U1 on F.Cu
[unconnected_items]: Missing connection between items
    Local override; error
    @(200.1000 mm, 103.9500 mm): Pad 47 [GND] of U1 on F.Cu
    @(199.2500 mm, 103.9500 mm): Pad 48 [GND] of U1 on F.Cu
[unconnected_items]: Missing connection between items
    Local override; error
    @(200.9500 mm, 103.9500 mm): Pad 46 [GND] of U1 on F.Cu
    @(200.1000 mm, 103.9500 mm): Pad 47 [GND] of U1 on F.Cu
[unconnected_items]: Missing connection between items
    Local override; error
    @(201.0000 mm, 124.5400 mm): Pad 1 [GND] of C8 on F.Cu
    @(200.0000 mm, 125.5000 mm): Pad 1 [GND] of C16 on F.Cu
[unconnected_items]: Missing connection between items
    Local override; error
    @(201.0000 mm, 124.5400 mm): Pad 1 [GND] of C8 on F.Cu
    @(206.5000 mm, 122.0250 mm): Pad 2 [GND] of SW2 on F.Cu
[unconnected_items]: Missing connection between items
    Local override; error
    @(202.0000 mm, 103.9500 mm): Pad 65 [GND] of U1 on F.Cu
    @(200.9500 mm, 103.9500 mm): Pad 46 [GND] of U1 on F.Cu
[unconnected_items]: Missing connection between items
    Local override; error
    @(202.0000 mm, 103.9500 mm): Pad 65 [GND] of U1 on F.Cu
    @(202.0000 mm, 106.7000 mm): Pad 43 [GND] of U1 on F.Cu
[unconnected_items]: Missing connection between items
    Local override; error
    @(202.0000 mm, 106.7000 mm): Pad 43 [GND] of U1 on F.Cu
    @(202.0000 mm, 107.5500 mm): Pad 42 [GND] of U1 on F.Cu
[unconnected_items]: Missing connection between items
    Local override; error
    @(202.4250 mm, 127.0750 mm): Pad 2 [GND] of SW1 on F.Cu
    @(200.0000 mm, 125.5000 mm): Pad 1 [GND] of C16 on F.Cu
[unconnected_items]: Missing connection between items
    Local override; error
    @(204.0400 mm, 114.9500 mm): Pad 1 [GND] of C9 on F.Cu
    @(202.0000 mm, 117.9500 mm): Pad 64 [GND] of U1 on F.Cu
[unconnected_items]: Missing connection between items
    Local override; error
    @(204.9800 mm, 103.9500 mm): Pad 1 [GND] of C11 on F.Cu
    @(202.0000 mm, 103.9500 mm): Pad 65 [GND] of U1 on F.Cu
[unconnected_items]: Missing connection between items
    Local override; error
    @(206.0000 mm, 106.5000 mm): Pad 1 [GND] of LED2 on F.Cu
    @(204.9800 mm, 103.9500 mm): Pad 1 [GND] of C11 on F.Cu
[unconnected_items]: Missing connection between items
    Local override; error
    @(206.5000 mm, 113.0250 mm): Pad 2 [GND] of SW3 on F.Cu
    @(204.0400 mm, 114.9500 mm): Pad 1 [GND] of C9 on F.Cu
[unconnected_items]: Missing connection between items
    Local override; error
    @(169.0000 mm, 117.0500 mm): Pad 1 [+3V3] of C7 on F.Cu
    @(172.6250 mm, 112.3250 mm): Pad 5 [+3V3] of U6 on F.Cu
[unconnected_items]: Missing connection between items
    Local override; error
    @(172.6250 mm, 112.3250 mm): Pad 5 [+3V3] of U6 on F.Cu
    @(172.7250 mm, 107.8250 mm): Pad 5 [+3V3] of U7 on F.Cu
[unconnected_items]: Missing connection between items
    Local override; error
    @(176.0400 mm, 119.3500 mm): Pad 2 [+3V3] of C13 on F.Cu
    @(181.0000 mm, 118.3500 mm): Pad 1 [+3V3] of C2 on F.Cu
[unconnected_items]: Missing connection between items
    Local override; error
    @(178.6000 mm, 107.5000 mm): Pad 2 [+3V3] of C15 on F.Cu
    @(172.7250 mm, 107.8250 mm): Pad 5 [+3V3] of U7 on F.Cu
[unconnected_items]: Missing connection between items
    Local override; error
    @(180.3000 mm, 114.1750 mm): Pad 8 [+3V3] of U2 on F.Cu
    @(181.0000 mm, 116.8750 mm): Pad 13 [+3V3] of U2 on F.Cu
[unconnected_items]: Missing connection between items
    Local override; error
    @(181.0000 mm, 118.3500 mm): Pad 1 [+3V3] of C2 on F.Cu
    @(181.0000 mm, 116.8750 mm): Pad 13 [+3V3] of U2 on F.Cu
[unconnected_items]: Missing connection between items
    Local override; error
    @(182.5000 mm, 119.3500 mm): Pad 1 [+3V3] of R12 on F.Cu
    @(181.0000 mm, 118.3500 mm): Pad 1 [+3V3] of C2 on F.Cu
[unconnected_items]: Missing connection between items
    Local override; error
    @(184.4000 mm, 107.5250 mm): Pad 2 [+3V3] of R6 on F.Cu
    @(185.4000 mm, 107.4850 mm): Pad 1 [+3V3] of C1 on F.Cu
[unconnected_items]: Missing connection between items
    Local override; error
    @(184.4000 mm, 107.5250 mm): Pad 2 [+3V3] of R6 on F.Cu
    @(178.6000 mm, 107.5000 mm): Pad 2 [+3V3] of C15 on F.Cu
[unconnected_items]: Missing connection between items
    Local override; error
    @(185.5000 mm, 112.8550 mm): Pad 1 [+3V3] of R1 on F.Cu
    @(185.5000 mm, 115.8950 mm): Pad 1 [+3V3] of R2 on F.Cu
[unconnected_items]: Missing connection between items
    Local override; error
    @(185.5000 mm, 112.8550 mm): Pad 1 [+3V3] of R1 on F.Cu
    @(185.4000 mm, 107.4850 mm): Pad 1 [+3V3] of C1 on F.Cu
[unconnected_items]: Missing connection between items
    Local override; error
    @(185.5000 mm, 115.8950 mm): Pad 1 [+3V3] of R2 on F.Cu
    @(182.5000 mm, 119.3500 mm): Pad 1 [+3V3] of R12 on F.Cu
[unconnected_items]: Missing connection between items
    Local override; error
    @(186.0000 mm, 123.1500 mm): Pad 10 [+3V3] of U3 on F.Cu
    @(187.5000 mm, 123.5000 mm): Pad 1 [+3V3] of C3 on F.Cu
[unconnected_items]: Missing connection between items
    Local override; error
    @(186.0000 mm, 123.1500 mm): Pad 10 [+3V3] of U3 on F.Cu
    @(182.5000 mm, 119.3500 mm): Pad 1 [+3V3] of R12 on F.Cu
[unconnected_items]: Missing connection between items
    Local override; error
    @(188.0000 mm, 106.7000 mm): Pad 3 [+3V3] of U1 on F.Cu
    @(185.4000 mm, 107.4850 mm): Pad 1 [+3V3] of C1 on F.Cu
[unconnected_items]: Missing connection between items
    Local override; error
    @(192.4375 mm, 122.3900 mm): Pad 1 [+3V3] of C5 on F.Cu
    @(192.9375 mm, 123.9400 mm): Pad 1 [+3V3] of C4 on F.Cu
[unconnected_items]: Missing connection between items
    Local override; error
    @(192.4375 mm, 122.3900 mm): Pad 1 [+3V3] of C5 on F.Cu
    @(187.5000 mm, 123.5000 mm): Pad 1 [+3V3] of C3 on F.Cu
[unconnected_items]: Missing connection between items
    Local override; error
    @(194.5625 mm, 122.4400 mm): Pad 8 [+3V3] of U4 on F.Cu
    @(194.5625 mm, 121.9400 mm): Pad 7 [+3V3] of U4 on F.Cu
[unconnected_items]: Missing connection between items
    Local override; error
    @(194.5625 mm, 122.4400 mm): Pad 8 [+3V3] of U4 on F.Cu
    @(192.4375 mm, 122.3900 mm): Pad 1 [+3V3] of C5 on F.Cu
[unconnected_items]: Missing connection between items
    Local override; error
    @(200.0000 mm, 124.5400 mm): Pad 2 [+3V3] of C16 on F.Cu
    @(201.0000 mm, 127.5100 mm): Pad 2 [+3V3] of R7 on F.Cu
[unconnected_items]: Missing connection between items
    Local override; error
    @(200.0000 mm, 124.5400 mm): Pad 2 [+3V3] of C16 on F.Cu
    @(194.5625 mm, 122.4400 mm): Pad 8 [+3V3] of U4 on F.Cu
[unconnected_items]: Missing connection between items
    Local override; error
    @(207.0000 mm, 114.9500 mm): Pad 2 [+3V3] of R8 on F.Cu
    @(205.0000 mm, 105.0000 mm): Pad 2 [+3V3] of R11 on F.Cu
[unconnected_items]: Missing connection between items
    Local override; error
    @(207.0000 mm, 114.9500 mm): Pad 2 [+3V3] of R8 on F.Cu
    @(200.0000 mm, 124.5400 mm): Pad 2 [+3V3] of C16 on F.Cu
[unconnected_items]: Missing connection between items
    Local override; error
    @(180.3000 mm, 116.1750 mm): Pad 12 [/MPU_INT] of U2 on F.Cu
    @(188.0000 mm, 110.9500 mm): Pad 8 [/MPU_INT] of U1 on F.Cu
[unconnected_items]: Missing connection between items
    Local override; error
    @(185.5000 mm, 118.8500 mm): Pad 2 [/SCL] of U3 on F.Cu
    @(185.8750 mm, 114.8750 mm): Track [/SCL] on F.Cu, length 0.4596 mm
[unconnected_items]: Missing connection between items
    Local override; error
    @(186.3500 mm, 114.3500 mm): Track [/SDA] on F.Cu, length 1.6500 mm
    @(185.0000 mm, 118.8500 mm): Pad 3 [/SDA] of U3 on F.Cu
[unconnected_items]: Missing connection between items
    Local override; error
    @(205.0000 mm, 114.9500 mm): Pad 2 [/BTN_SNOOZE] of C9 on F.Cu
    @(202.0000 mm, 116.9000 mm): Pad 31 [/BTN_SNOOZE] of U1 on F.Cu
[unconnected_items]: Missing connection between items
    Local override; error
    @(205.9800 mm, 114.9500 mm): Pad 1 [/BTN_SNOOZE] of R8 on F.Cu
    @(205.0000 mm, 114.9500 mm): Pad 2 [/BTN_SNOOZE] of C9 on F.Cu
[unconnected_items]: Missing connection between items
    Local override; error
    @(206.5000 mm, 117.8750 mm): Pad 1 [/BTN_SNOOZE] of SW2 on F.Cu
    @(205.9800 mm, 114.9500 mm): Pad 1 [/BTN_SNOOZE] of R8 on F.Cu
[unconnected_items]: Missing connection between items
    Local override; error
    @(188.0000 mm, 107.5500 mm): Pad 4 [/BTN_CAL] of U1 on F.Cu
    @(201.0000 mm, 125.5000 mm): Pad 2 [/BTN_CAL] of C8 on F.Cu
[unconnected_items]: Missing connection between items
    Local override; error
    @(201.0000 mm, 125.5000 mm): Pad 2 [/BTN_CAL] of C8 on F.Cu
    @(201.0000 mm, 126.4900 mm): Pad 1 [/BTN_CAL] of R7 on F.Cu
[unconnected_items]: Missing connection between items
    Local override; error
    @(201.0000 mm, 126.4900 mm): Pad 1 [/BTN_CAL] of R7 on F.Cu
    @(206.5750 mm, 127.0750 mm): Pad 1 [/BTN_CAL] of SW1 on F.Cu
[unconnected_items]: Missing connection between items
    Local override; error
    @(186.0000 mm, 118.8500 mm): Pad 1 [Net-(U3-REG)] of U3 on F.Cu
    @(187.5000 mm, 120.0400 mm): Pad 1 [Net-(U3-REG)] of C12 on F.Cu
[unconnected_items]: Missing connection between items
    Local override; error
    @(202.0000 mm, 105.0000 mm): Pad 45 [/ESP_EN] of U1 on F.Cu
    @(203.9800 mm, 105.0000 mm): Pad 1 [/ESP_EN] of R11 on F.Cu
[unconnected_items]: Missing connection between items
    Local override; error
    @(203.9800 mm, 105.0000 mm): Pad 1 [/ESP_EN] of R11 on F.Cu
    @(204.0200 mm, 103.9500 mm): Pad 2 [/ESP_EN] of C11 on F.Cu
[unconnected_items]: Missing connection between items
    Local override; error
    @(206.5000 mm, 108.8750 mm): Pad 1 [/ESP_EN] of SW3 on F.Cu
    @(203.9800 mm, 105.0000 mm): Pad 1 [/ESP_EN] of R11 on F.Cu
[unconnected_items]: Missing connection between items
    Local override; error
    @(188.0000 mm, 111.8000 mm): Pad 9 [/HAPTIC_EN] of U1 on F.Cu
    @(183.4800 mm, 118.3300 mm): Track [/HAPTIC_EN] on F.Cu, length 0.7354 mm
[unconnected_items]: Missing connection between items
    Local override; error
    @(195.0000 mm, 117.9500 mm): Pad 23 [/USB_DM] of U1 on F.Cu
    @(175.0000 mm, 108.7750 mm): Track [/USB_DM] on F.Cu, length 2.2750 mm
[unconnected_items]: Missing connection between items
    Local override; error
    @(168.5950 mm, 109.7750 mm): Pad A6 [/USB_DP] of J1 on F.Cu
    @(172.7250 mm, 106.8750 mm): Pad 4 [/USB_DP] of U7 on F.Cu
[unconnected_items]: Missing connection between items
    Local override; error
    @(195.8500 mm, 117.9500 mm): Pad 24 [/USB_DP] of U1 on F.Cu
    @(175.0000 mm, 106.8750 mm): Track [/USB_DP] on F.Cu, length 2.2750 mm
[unconnected_items]: Missing connection between items
    Local override; error
    @(196.7000 mm, 117.9500 mm): Pad 25 [/I2S_DOUT] of U1 on F.Cu
    @(196.7500 mm, 120.2525 mm): Pad 1 [/I2S_DOUT] of U4 on F.Cu
[unconnected_items]: Missing connection between items
    Local override; error
    @(197.4375 mm, 120.9400 mm): Pad 16 [/I2S_BCLK] of U4 on F.Cu
    @(197.5500 mm, 117.9500 mm): Pad 26 [/I2S_BCLK] of U1 on F.Cu
[unconnected_items]: Missing connection between items
    Local override; error
    @(197.4375 mm, 121.9400 mm): Pad 14 [/I2S_WS] of U4 on F.Cu
    @(199.2500 mm, 117.9500 mm): Pad 28 [/I2S_WS] of U1 on F.Cu
[unconnected_items]: Missing connection between items
    Local override; error
    @(200.1000 mm, 117.9500 mm): Pad 29 [/VBAT_SENSE] of U1 on F.Cu
    @(175.9450 mm, 113.4600 mm): Track [/VBAT_SENSE] on F.Cu, length 1.4920 mm
[unconnected_items]: Missing connection between items
    Local override; error
    @(195.2500 mm, 120.2525 mm): Pad 4 [/AUDIO_SD] of U4 on F.Cu
    @(200.9500 mm, 117.9500 mm): Pad 30 [/AUDIO_SD] of U1 on F.Cu
[unconnected_items]: Missing connection between items
    Local override; error
    @(201.4800 mm, 119.5000 mm): Pad 2 [/SNOOZE_LED] of R13 on F.Cu
    @(202.0000 mm, 105.8500 mm): Pad 44 [/SNOOZE_LED] of U1 on F.Cu
[unconnected_items]: Missing connection between items
    Local override; error
    @(202.5000 mm, 119.5000 mm): Pad 1 [Net-(LED2-A)] of R13 on F.Cu
    @(204.1250 mm, 106.5000 mm): Pad 2 [Net-(LED2-A)] of LED2 on F.Cu

** Found 0 Footprint errors **

** Ignored checks **
    - Footprint has no courtyard defined
    - Track endpoint not centered on via
    - Tuning profile track geometries
    - Footprint doesn't match symbol's footprint filters
    - Footprint component type doesn't match footprint pads

** End of Report **
